2026-03-21 08:10:53.114 | WARNING  | __main__:_load_config:72 - 配置文件 config.json 不存在，使用默认配置
2026-03-21 08:10:53.114 | INFO     | __main__:inner:169 - 获取股票 600519 实时行情
2026-03-21 08:11:48.758 | ERROR    | __main__:inner:192 - 获取股票实时行情失败: 'symbol'
2026-03-21 08:11:48.759 | WARNING  | __main__:wrapper:103 - 尝试 1/3 失败: 'symbol'
2026-03-21 08:11:50.760 | INFO     | __main__:inner:169 - 获取股票 600519 实时行情
2026-03-21 08:12:03.088 | ERROR    | __main__:inner:192 - 获取股票实时行情失败: Can not decode value starting with character '<'
2026-03-21 08:12:03.088 | WARNING  | __main__:wrapper:103 - 尝试 2/3 失败: Can not decode value starting with character '<'
2026-03-21 08:12:05.089 | INFO     | __main__:inner:169 - 获取股票 600519 实时行情
2026-03-21 08:12:11.170 | ERROR    | __main__:inner:192 - 获取股票实时行情失败: Can not decode value starting with character '<'
2026-03-21 08:12:11.170 | WARNING  | __main__:wrapper:103 - 尝试 3/3 失败: Can not decode value starting with character '<'
2026-03-21 08:12:11.170 | ERROR    | __main__:wrapper:107 - 所有尝试都失败: Can not decode value starting with character '<'
2026-03-21 08:12:11.170 | INFO     | __main__:inner:238 - 获取股票 600519 daily K线数据
2026-03-21 08:12:11.170 | INFO     | __main__:inner:245 - 尝试使用东方财富数据源获取 600519 K线数据
2026-03-21 08:12:11.510 | INFO     | __main__:inner:263 - 尝试使用腾讯数据源获取 600519 K线数据
2026-03-21 08:12:13.770 | INFO     | __main__:inner:277 - 腾讯数据源成功获取 242 条数据
2026-03-21 08:12:13.770 | INFO     | __main__:process_data:523 - 处理 stock_kline 数据
2026-03-21 08:12:13.772 | INFO     | __main__:save_data:589 - 保存数据到 csv 文件: stock_kline_600519
2026-03-21 08:12:13.774 | INFO     | __main__:save_data:610 - 数据保存成功: ./data\stock_kline_600519.csv
2026-03-21 08:12:13.774 | INFO     | __main__:inner:363 - 获取基金 000001 基本信息
2026-03-21 08:12:16.751 | INFO     | __main__:save_data:589 - 保存数据到 csv 文件: fund_info_000001
2026-03-21 08:12:16.752 | INFO     | __main__:save_data:610 - 数据保存成功: ./data\fund_info_000001.csv
2026-03-21 08:12:16.752 | INFO     | __main__:inner:395 - 获取基金 000001 历史净值
2026-03-21 08:12:17.068 | ERROR    | __main__:inner:401 - 获取基金历史净值失败: ('Connection aborted.', RemoteDisconnected('Remote end closed connection without response'))
2026-03-21 08:12:17.068 | WARNING  | __main__:wrapper:103 - 尝试 1/3 失败: ('Connection aborted.', RemoteDisconnected('Remote end closed connection without response'))
2026-03-21 08:12:19.069 | INFO     | __main__:inner:395 - 获取基金 000001 历史净值
2026-03-21 08:12:19.384 | ERROR    | __main__:inner:401 - 获取基金历史净值失败: ('Connection aborted.', RemoteDisconnected('Remote end closed connection without response'))
2026-03-21 08:12:19.384 | WARNING  | __main__:wrapper:103 - 尝试 2/3 失败: ('Connection aborted.', RemoteDisconnected('Remote end closed connection without response'))
2026-03-21 08:12:21.386 | INFO     | __main__:inner:395 - 获取基金 000001 历史净值
2026-03-21 08:12:21.706 | ERROR    | __main__:inner:401 - 获取基金历史净值失败: ('Connection aborted.', RemoteDisconnected('Remote end closed connection without response'))
2026-03-21 08:12:21.706 | WARNING  | __main__:wrapper:103 - 尝试 3/3 失败: ('Connection aborted.', RemoteDisconnected('Remote end closed connection without response'))
2026-03-21 08:12:21.706 | ERROR    | __main__:wrapper:107 - 所有尝试都失败: ('Connection aborted.', RemoteDisconnected('Remote end closed connection without response'))
